// Jest Snapshot v1, https://goo.gl/fbAQLP

exports[`Render GridPlus Snapshot Basic GridPlus 1`] = `
<div>
  <div
    class="mntv-bodyBackground-0-2-1 mntv-wrenchBox-0-2-6 mntv-wrenchBox-d0-0-2-7 mntv-wrenchSpacing-0-2-4 mntv-wrenchSpacing-d0-0-2-5"
  >
    <div
      class="mntv-wrenchBox-0-2-6 mntv-wrenchBox-d1-0-2-9 mntv-wrenchSpacing-0-2-4 mntv-wrenchSpacing-d1-0-2-8"
    >
      <div
        class="noneMarginBottom mdMarginTop nonePaddingBottom nonePaddingTop mntv-heading-0-2-10 mntv-heading-d0-0-2-13  mntv-headingSize-0-2-11 mntv-headingSize-d1-0-2-14  "
        id=""
      >
        <h3>
          GridPlus props
        </h3>
      </div>
      <p
        class="mntv-background-0-2-15 mntv-background-d1-0-2-19  mntv-dropCap-0-2-16 mntv-dropCap-d4-0-2-20  mntv-paragraph-0-2-17 mntv-paragraph-d5-0-2-21  mntv-paragraphTypography-0-2-18 mntv-paragraphTypography-d6-0-2-22  "
      >
        Yellow highlights fluid area when fluid=false
      </p>
      <p
        class="mntv-background-0-2-15 mntv-background-d9-0-2-23  mntv-dropCap-0-2-16 mntv-dropCap-d12-0-2-24  mntv-paragraph-0-2-17 mntv-paragraph-d13-0-2-25  mntv-paragraphTypography-0-2-18 mntv-paragraphTypography-d14-0-2-26  "
      >
        Orange highlights bleed area when noBleeds=false
      </p>
      <p
        class="mntv-background-0-2-15 mntv-background-d17-0-2-27  mntv-dropCap-0-2-16 mntv-dropCap-d20-0-2-28  mntv-paragraph-0-2-17 mntv-paragraph-d21-0-2-29  mntv-paragraphTypography-0-2-18 mntv-paragraphTypography-d22-0-2-30  "
      >
        Green highlights gutter areas when noGutters=false
      </p>
    </div>
    <div
      class="mntv-fullHighlight-0-2-3 mntv-wrenchBox-0-2-6 mntv-wrenchBox-d2-0-2-32 mntv-wrenchSpacing-0-2-4 mntv-wrenchSpacing-d2-0-2-31"
    >
      <div
        class="mntv-mdsGridPlusContainer-0-2-35 mntv-mdsGridPlusContainer-d5-0-2-37"
      >
        <div
          class="mntv-mdsGridPlus-0-2-36 mntv-mdsGridPlus-d11-0-2-38 mntv-addFlex-0-2-33 mntv-addFlex-d0-0-2-34"
        >
          <div
            class="mntv-mdsGridPlusItem-0-2-41 mntv-mdsGridPlusItem-d0-0-2-42 mntv-addFlex-0-2-39 mntv-addFlex-d0-0-2-40"
          >
            <div
              style="background-color: rgb(208, 208, 208); border: 2px dashed #9d9d9d; padding: 16px; font-family: Roboto, Helvetica, Arial;"
            >
              Item 0
            </div>
          </div>
          <div
            class="mntv-mdsGridPlusItem-0-2-41 mntv-mdsGridPlusItem-d6-0-2-44 mntv-addFlex-0-2-39 mntv-addFlex-d1-0-2-43"
          >
            <div
              style="background-color: rgb(208, 208, 208); border: 2px dashed #9d9d9d; padding: 16px; font-family: Roboto, Helvetica, Arial;"
            >
              Item 1
            </div>
          </div>
          <div
            class="mntv-mdsGridPlusItem-0-2-41 mntv-mdsGridPlusItem-d12-0-2-46 mntv-addFlex-0-2-39 mntv-addFlex-d2-0-2-45"
          >
            <div
              style="background-color: rgb(208, 208, 208); border: 2px dashed #9d9d9d; padding: 16px; font-family: Roboto, Helvetica, Arial;"
            >
              Item 2
            </div>
          </div>
        </div>
      </div>
    </div>
  </div>
</div>
`;
